../Core/Src/main.c:84:5:main	8	static
../Core/Src/main.c:182:6:SystemClock_Config	88	static
../Core/Src/main.c:230:13:MX_ADC1_Init	24	static
../Core/Src/main.c:304:13:MX_I2C1_Init	8	static
../Core/Src/main.c:338:13:MX_TIM1_Init	96	static
../Core/Src/main.c:413:13:MX_USB_PCD_Init	8	static
../Core/Src/main.c:442:13:MX_DMA_Init	16	static
../Core/Src/main.c:460:13:MX_GPIO_Init	40	static
../Core/Src/main.c:517:6:HAL_GPIO_EXTI_Callback	16	static,ignoring_inline_asm
../Core/Src/main.c:534:6:Error_Handler	4	static,ignoring_inline_asm
