../Core/Src/main.c:84:5:main	8	static
../Core/Src/main.c:180:6:SystemClock_Config	88	static
../Core/Src/main.c:228:13:MX_ADC1_Init	24	static
../Core/Src/main.c:302:13:MX_I2C1_Init	8	static
../Core/Src/main.c:336:13:MX_TIM1_Init	96	static
../Core/Src/main.c:411:13:MX_USB_PCD_Init	8	static
../Core/Src/main.c:440:13:MX_DMA_Init	16	static
../Core/Src/main.c:458:13:MX_GPIO_Init	40	static
../Core/Src/main.c:515:6:HAL_GPIO_EXTI_Callback	16	static,ignoring_inline_asm
../Core/Src/main.c:532:6:Error_Handler	4	static,ignoring_inline_asm
